// Jest Snapshot v1, https://goo.gl/fbAQLP

exports[`<DogContainer /> should render correctly 1`] = `
<div
  className="container"
>
  <div
    className="title"
  >
    Please select a breed
  </div>
  <div
    className="imageContainer"
  >
    <div
      className="container loader"
    >
      <div>
        <svg
          height={80}
          viewBox="0 0 38 38"
          width={80}
          xmlns="http://www.w3.org/2000/svg"
        >
          <defs>
            <linearGradient
              id="a"
              x1="8.042%"
              x2="65.682%"
              y1="0%"
              y2="23.865%"
            >
              <stop
                offset="0%"
                stopColor="gray"
                stopOpacity="0"
              />
              <stop
                offset="63.146%"
                stopColor="gray"
                stopOpacity=".631"
              />
              <stop
                offset="100%"
                stopColor="gray"
              />
            </linearGradient>
          </defs>
          <g
            fill="none"
            fillRule="evenodd"
          >
            <g
              transform="translate(1 1)"
            >
              <path
                d="M36 18c0-9.94-8.06-18-18-18"
                id="Oval-2"
                stroke="url(#a)"
                strokeWidth="2"
              >
                <animateTransform
                  attributeName="transform"
                  dur="0.9s"
                  from="0 18 18"
                  repeatCount="indefinite"
                  to="360 18 18"
                  type="rotate"
                />
              </path>
              <circle
                cx="36"
                cy="18"
                fill="#fff"
                r="1"
              >
                <animateTransform
                  attributeName="transform"
                  dur="0.9s"
                  from="0 18 18"
                  repeatCount="indefinite"
                  to="360 18 18"
                  type="rotate"
                />
              </circle>
            </g>
          </g>
        </svg>
      </div>
    </div>
  </div>
  <div
    className="buttonContainer"
  >
    <button
      className="button main"
    >
      <svg
        className="buttonIcon"
        fill="currentColor"
        height="1em"
        preserveAspectRatio="xMidYMid meet"
        style={
          Object {
            "color": undefined,
            "verticalAlign": "middle",
          }
        }
        viewBox="0 0 40 40"
        width="1em"
      >
        <g>
          <path
            d="m35.9 16.4v4.3q0 0.9-0.6 1.5t-1.5 0.7h-9.3v9.2q0 0.9-0.6 1.6t-1.5 0.6h-4.3q-0.9 0-1.5-0.6t-0.7-1.6v-9.2h-9.3q-0.9 0-1.5-0.7t-0.6-1.5v-4.3q0-0.9 0.6-1.5t1.5-0.6h9.3v-9.3q0-0.9 0.7-1.5t1.5-0.6h4.3q0.9 0 1.5 0.6t0.6 1.5v9.3h9.3q0.9 0 1.5 0.6t0.6 1.5z"
          />
        </g>
      </svg>
      Load other image
    </button>
  </div>
</div>
`;
