// Jest Snapshot v1, https://goo.gl/fbAQLP

exports[`<BreedItem /> should render correctly 1`] = `
<div
  className="container"
>
  <div>
    Lhasa Apso
  </div>
</div>
`;
