// Jest Snapshot v1, https://goo.gl/fbAQLP

exports[`<App /> should render 1`] = `
<div
  className="wrapper"
>
  <div
    className="app"
  >
    <div
      className="container"
    >
      <div
        className="leftPanel"
      />
      <div
        className="rightPanel"
      />
    </div>
  </div>
</div>
`;
